// Jest Snapshot v1, https://goo.gl/fbAQLP

exports[`tests that schedule component can be rendered 1`] = `
<div
  className="MuiPaper-root MuiPaper-elevation MuiPaper-rounded MuiPaper-elevation1 css-1ps6pg7-MuiPaper-root"
>
  <style
    media="print"
    type="text/css"
  >
    @page {margin: 0cm;size: landscape;}
  </style>
  <div
    className="Container-container css-1kbmavd"
    style={
      Object {
        "height": "100%",
      }
    }
  >
    <div
      className="MainLayout-container css-99cbwm"
      onScroll={[Function]}
    >
      <div>
        <div
          className="MainLayout-stickyElement MainLayout-header MainLayout-flexRow"
        >
          <div
            className="MainLayout-background MainLayout-inlineFlex MainLayout-ordinaryHeaderBorder"
          >
            <div
              className="MainLayout-stickyElement MainLayout-leftPanel MainLayout-dayScaleEmptyCell MainLayout-ordinaryLeftPanelBorder"
            >
              <div
                className="DayScaleEmptyCell-emptyCell css-1hbvjip"
              />
            </div>
            <div>
              <table
                className="MuiTable-root Table-table css-15f0u4c-MuiTable-root"
                role={null}
              >
                <tbody
                  className="MuiTableBody-root css-apqrd9-MuiTableBody-root"
                  role={null}
                >
                  <tr
                    className="MuiTableRow-root css-1q1u3t4-MuiTableRow-root"
                    role={null}
                  >
                    <td
                      aria-sort={null}
                      className="MuiTableCell-root MuiTableCell-body MuiTableCell-sizeMedium Cell-cell css-1675apn-MuiTableCell-root"
                    >
                      <div
                        className="Cell-dayView"
                      >
                        <p
                          className="Cell-dayOfWeek"
                        >
                           
                        </p>
                        <div
                          className="Cell-dayOfMonth"
                        >
                          Su
                        </div>
                      </div>
                    </td>
                    <td
                      aria-sort={null}
                      className="MuiTableCell-root MuiTableCell-body MuiTableCell-sizeMedium Cell-cell css-1675apn-MuiTableCell-root"
                    >
                      <div
                        className="Cell-dayView"
                      >
                        <p
                          className="Cell-dayOfWeek"
                        >
                           
                        </p>
                        <div
                          className="Cell-dayOfMonth"
                        >
                          Mo
                        </div>
                      </div>
                    </td>
                    <td
                      aria-sort={null}
                      className="MuiTableCell-root MuiTableCell-body MuiTableCell-sizeMedium Cell-cell css-1675apn-MuiTableCell-root"
                    >
                      <div
                        className="Cell-dayView"
                      >
                        <p
                          className="Cell-dayOfWeek"
                        >
                           
                        </p>
                        <div
                          className="Cell-dayOfMonth"
                        >
                          Tu
                        </div>
                      </div>
                    </td>
                    <td
                      aria-sort={null}
                      className="MuiTableCell-root MuiTableCell-body MuiTableCell-sizeMedium Cell-cell css-1675apn-MuiTableCell-root"
                    >
                      <div
                        className="Cell-dayView"
                      >
                        <p
                          className="Cell-dayOfWeek"
                        >
                           
                        </p>
                        <div
                          className="Cell-dayOfMonth"
                        >
                          We
                        </div>
                      </div>
                    </td>
                    <td
                      aria-sort={null}
                      className="MuiTableCell-root MuiTableCell-body MuiTableCell-sizeMedium Cell-cell css-1675apn-MuiTableCell-root"
                    >
                      <div
                        className="Cell-dayView"
                      >
                        <p
                          className="Cell-dayOfWeek"
                        >
                           
                        </p>
                        <div
                          className="Cell-dayOfMonth"
                        >
                          Th
                        </div>
                      </div>
                    </td>
                    <td
                      aria-sort={null}
                      className="MuiTableCell-root MuiTableCell-body MuiTableCell-sizeMedium Cell-cell css-1675apn-MuiTableCell-root"
                    >
                      <div
                        className="Cell-dayView"
                      >
                        <p
                          className="Cell-dayOfWeek"
                        >
                           
                        </p>
                        <div
                          className="Cell-dayOfMonth"
                        >
                          Fr
                        </div>
                      </div>
                    </td>
                    <td
                      aria-sort={null}
                      className="MuiTableCell-root MuiTableCell-body MuiTableCell-sizeMedium Cell-cell css-1675apn-MuiTableCell-root"
                    >
                      <div
                        className="Cell-dayView"
                      >
                        <p
                          className="Cell-dayOfWeek"
                        >
                           
                        </p>
                        <div
                          className="Cell-dayOfMonth"
                        >
                          Sa
                        </div>
                      </div>
                    </td>
                  </tr>
                </tbody>
              </table>
            </div>
          </div>
        </div>
        <div
          className="MainLayout-flexRow"
        >
          <div
            className="MainLayout-inlineFlex"
          >
            <div
              className="MainLayout-flexRow MainLayout-stickyElement MainLayout-leftPanel MainLayout-ordinaryLeftPanelBorder"
            >
              <div
                className="Layout-flexRow css-1hfww0p"
              >
                <table
                  className="MuiTable-root Layout-timeScaleContainer css-rqglhn-MuiTable-root"
                  role={null}
                >
                  <tbody
                    className="MuiTableBody-root css-apqrd9-MuiTableBody-root"
                    role={null}
                  >
                    <tr
                      className="MuiTableRow-root css-1q1u3t4-MuiTableRow-root"
                      role={null}
                    >
                      <td
                        aria-sort={null}
                        className="MuiTableCell-root MuiTableCell-body MuiTableCell-sizeMedium Layout-cell css-1ex1afd-MuiTableCell-root"
                      >
                        <div
                          className="Label-label Label-emptyLabel css-1fbp63r"
                          style={
                            Object {
                              "height": 100,
                            }
                          }
                        />
                        <div
                          className="Label-label css-1fbp63r"
                          style={
                            Object {
                              "height": 100,
                            }
                          }
                        >
                          <span
                            className="Label-text"
                          >
                            9:00 AM
                          </span>
                        </div>
                        <div
                          className="Label-label css-1fbp63r"
                          style={
                            Object {
                              "height": 100,
                            }
                          }
                        >
                          <span
                            className="Label-text"
                          >
                            10:00 AM
                          </span>
                        </div>
                        <div
                          className="Label-label css-1fbp63r"
                          style={
                            Object {
                              "height": 100,
                            }
                          }
                        >
                          <span
                            className="Label-text"
                          >
                            11:00 AM
                          </span>
                        </div>
                        <div
                          className="Label-label css-1fbp63r"
                          style={
                            Object {
                              "height": 100,
                            }
                          }
                        >
                          <span
                            className="Label-text"
                          >
                            12:00 PM
                          </span>
                        </div>
                        <div
                          className="Label-label css-1fbp63r"
                          style={
                            Object {
                              "height": 100,
                            }
                          }
                        >
                          <span
                            className="Label-text"
                          >
                            1:00 PM
                          </span>
                        </div>
                        <div
                          className="Label-label css-1fbp63r"
                          style={
                            Object {
                              "height": 100,
                            }
                          }
                        >
                          <span
                            className="Label-text"
                          >
                            2:00 PM
                          </span>
                        </div>
                        <div
                          className="Label-label css-1fbp63r"
                          style={
                            Object {
                              "height": 100,
                            }
                          }
                        >
                          <span
                            className="Label-text"
                          >
                            3:00 PM
                          </span>
                        </div>
                        <div
                          className="Label-label css-1fbp63r"
                          style={
                            Object {
                              "height": 100,
                            }
                          }
                        >
                          <span
                            className="Label-text"
                          >
                            4:00 PM
                          </span>
                        </div>
                        <div
                          className="Label-label css-1fbp63r"
                          style={
                            Object {
                              "height": 100,
                            }
                          }
                        >
                          <span
                            className="Label-text"
                          >
                            5:00 PM
                          </span>
                        </div>
                        <div
                          className="Label-label css-1fbp63r"
                          style={
                            Object {
                              "height": 100,
                            }
                          }
                        >
                          <span
                            className="Label-text"
                          >
                            6:00 PM
                          </span>
                        </div>
                        <div
                          className="Label-label css-1fbp63r"
                          style={
                            Object {
                              "height": 100,
                            }
                          }
                        >
                          <span
                            className="Label-text"
                          >
                            7:00 PM
                          </span>
                        </div>
                        <div
                          className="Label-label css-1fbp63r"
                          style={
                            Object {
                              "height": 100,
                            }
                          }
                        >
                          <span
                            className="Label-text"
                          >
                            8:00 PM
                          </span>
                        </div>
                        <div
                          className="Label-label css-1fbp63r"
                          style={
                            Object {
                              "height": 100,
                            }
                          }
                        >
                          <span
                            className="Label-text"
                          >
                            9:00 PM
                          </span>
                        </div>
                        <div
                          className="Label-label css-1fbp63r"
                          style={
                            Object {
                              "height": 100,
                            }
                          }
                        >
                          <span
                            className="Label-text"
                          >
                            10:00 PM
                          </span>
                        </div>
                        <div
                          className="Label-label Label-emptyLabel css-1fbp63r"
                          style={
                            Object {
                              "height": 100,
                            }
                          }
                        />
                      </td>
                    </tr>
                  </tbody>
                </table>
                <table
                  className="MuiTable-root TicksLayout-table Layout-ticks css-9q0p2j-MuiTable-root"
                  role={null}
                >
                  <tbody
                    className="MuiTableBody-root css-apqrd9-MuiTableBody-root"
                    role={null}
                  >
                    <tr
                      className="MuiTableRow-root css-1q1u3t4-MuiTableRow-root"
                      role={null}
                    >
                      <td
                        0={Object {}}
                        aria-sort={null}
                        className="MuiTableCell-root MuiTableCell-body MuiTableCell-sizeMedium TickCell-cell css-xd4oto-MuiTableCell-root"
                        style={
                          Object {
                            "&:firstChild": Object {
                              "height": 50,
                            },
                            "&:lastChild": Object {
                              "height": 50,
                            },
                            "height": 100,
                            "lineHeight": 98,
                          }
                        }
                      />
                    </tr>
                    <tr
                      className="MuiTableRow-root css-1q1u3t4-MuiTableRow-root"
                      role={null}
                    >
                      <td
                        0={Object {}}
                        aria-sort={null}
                        className="MuiTableCell-root MuiTableCell-body MuiTableCell-sizeMedium TickCell-cell css-xd4oto-MuiTableCell-root"
                        style={
                          Object {
                            "&:firstChild": Object {
                              "height": 50,
                            },
                            "&:lastChild": Object {
                              "height": 50,
                            },
                            "height": 100,
                            "lineHeight": 98,
                          }
                        }
                      />
                    </tr>
                    <tr
                      className="MuiTableRow-root css-1q1u3t4-MuiTableRow-root"
                      role={null}
                    >
                      <td
                        0={Object {}}
                        aria-sort={null}
                        className="MuiTableCell-root MuiTableCell-body MuiTableCell-sizeMedium TickCell-cell css-xd4oto-MuiTableCell-root"
                        style={
                          Object {
                            "&:firstChild": Object {
                              "height": 50,
                            },
                            "&:lastChild": Object {
                              "height": 50,
                            },
                            "height": 100,
                            "lineHeight": 98,
                          }
                        }
                      />
                    </tr>
                    <tr
                      className="MuiTableRow-root css-1q1u3t4-MuiTableRow-root"
                      role={null}
                    >
                      <td
                        0={Object {}}
                        aria-sort={null}
                        className="MuiTableCell-root MuiTableCell-body MuiTableCell-sizeMedium TickCell-cell css-xd4oto-MuiTableCell-root"
                        style={
                          Object {
                            "&:firstChild": Object {
                              "height": 50,
                            },
                            "&:lastChild": Object {
                              "height": 50,
                            },
                            "height": 100,
                            "lineHeight": 98,
                          }
                        }
                      />
                    </tr>
                    <tr
                      className="MuiTableRow-root css-1q1u3t4-MuiTableRow-root"
                      role={null}
                    >
                      <td
                        0={Object {}}
                        aria-sort={null}
                        className="MuiTableCell-root MuiTableCell-body MuiTableCell-sizeMedium TickCell-cell css-xd4oto-MuiTableCell-root"
                        style={
                          Object {
                            "&:firstChild": Object {
                              "height": 50,
                            },
                            "&:lastChild": Object {
                              "height": 50,
                            },
                            "height": 100,
                            "lineHeight": 98,
                          }
                        }
                      />
                    </tr>
                    <tr
                      className="MuiTableRow-root css-1q1u3t4-MuiTableRow-root"
                      role={null}
                    >
                      <td
                        0={Object {}}
                        aria-sort={null}
                        className="MuiTableCell-root MuiTableCell-body MuiTableCell-sizeMedium TickCell-cell css-xd4oto-MuiTableCell-root"
                        style={
                          Object {
                            "&:firstChild": Object {
                              "height": 50,
                            },
                            "&:lastChild": Object {
                              "height": 50,
                            },
                            "height": 100,
                            "lineHeight": 98,
                          }
                        }
                      />
                    </tr>
                    <tr
                      className="MuiTableRow-root css-1q1u3t4-MuiTableRow-root"
                      role={null}
                    >
                      <td
                        0={Object {}}
                        aria-sort={null}
                        className="MuiTableCell-root MuiTableCell-body MuiTableCell-sizeMedium TickCell-cell css-xd4oto-MuiTableCell-root"
                        style={
                          Object {
                            "&:firstChild": Object {
                              "height": 50,
                            },
                            "&:lastChild": Object {
                              "height": 50,
                            },
                            "height": 100,
                            "lineHeight": 98,
                          }
                        }
                      />
                    </tr>
                    <tr
                      className="MuiTableRow-root css-1q1u3t4-MuiTableRow-root"
                      role={null}
                    >
                      <td
                        0={Object {}}
                        aria-sort={null}
                        className="MuiTableCell-root MuiTableCell-body MuiTableCell-sizeMedium TickCell-cell css-xd4oto-MuiTableCell-root"
                        style={
                          Object {
                            "&:firstChild": Object {
                              "height": 50,
                            },
                            "&:lastChild": Object {
                              "height": 50,
                            },
                            "height": 100,
                            "lineHeight": 98,
                          }
                        }
                      />
                    </tr>
                    <tr
                      className="MuiTableRow-root css-1q1u3t4-MuiTableRow-root"
                      role={null}
                    >
                      <td
                        0={Object {}}
                        aria-sort={null}
                        className="MuiTableCell-root MuiTableCell-body MuiTableCell-sizeMedium TickCell-cell css-xd4oto-MuiTableCell-root"
                        style={
                          Object {
                            "&:firstChild": Object {
                              "height": 50,
                            },
                            "&:lastChild": Object {
                              "height": 50,
                            },
                            "height": 100,
                            "lineHeight": 98,
                          }
                        }
                      />
                    </tr>
                    <tr
                      className="MuiTableRow-root css-1q1u3t4-MuiTableRow-root"
                      role={null}
                    >
                      <td
                        0={Object {}}
                        aria-sort={null}
                        className="MuiTableCell-root MuiTableCell-body MuiTableCell-sizeMedium TickCell-cell css-xd4oto-MuiTableCell-root"
                        style={
                          Object {
                            "&:firstChild": Object {
                              "height": 50,
                            },
                            "&:lastChild": Object {
                              "height": 50,
                            },
                            "height": 100,
                            "lineHeight": 98,
                          }
                        }
                      />
                    </tr>
                    <tr
                      className="MuiTableRow-root css-1q1u3t4-MuiTableRow-root"
                      role={null}
                    >
                      <td
                        0={Object {}}
                        aria-sort={null}
                        className="MuiTableCell-root MuiTableCell-body MuiTableCell-sizeMedium TickCell-cell css-xd4oto-MuiTableCell-root"
                        style={
                          Object {
                            "&:firstChild": Object {
                              "height": 50,
                            },
                            "&:lastChild": Object {
                              "height": 50,
                            },
                            "height": 100,
                            "lineHeight": 98,
                          }
                        }
                      />
                    </tr>
                    <tr
                      className="MuiTableRow-root css-1q1u3t4-MuiTableRow-root"
                      role={null}
                    >
                      <td
                        0={Object {}}
                        aria-sort={null}
                        className="MuiTableCell-root MuiTableCell-body MuiTableCell-sizeMedium TickCell-cell css-xd4oto-MuiTableCell-root"
                        style={
                          Object {
                            "&:firstChild": Object {
                              "height": 50,
                            },
                            "&:lastChild": Object {
                              "height": 50,
                            },
                            "height": 100,
                            "lineHeight": 98,
                          }
                        }
                      />
                    </tr>
                    <tr
                      className="MuiTableRow-root css-1q1u3t4-MuiTableRow-root"
                      role={null}
                    >
                      <td
                        0={Object {}}
                        aria-sort={null}
                        className="MuiTableCell-root MuiTableCell-body MuiTableCell-sizeMedium TickCell-cell css-xd4oto-MuiTableCell-root"
                        style={
                          Object {
                            "&:firstChild": Object {
                              "height": 50,
                            },
                            "&:lastChild": Object {
                              "height": 50,
                            },
                            "height": 100,
                            "lineHeight": 98,
                          }
                        }
                      />
                    </tr>
                    <tr
                      className="MuiTableRow-root css-1q1u3t4-MuiTableRow-root"
                      role={null}
                    >
                      <td
                        0={Object {}}
                        aria-sort={null}
                        className="MuiTableCell-root MuiTableCell-body MuiTableCell-sizeMedium TickCell-cell css-xd4oto-MuiTableCell-root"
                        style={
                          Object {
                            "&:firstChild": Object {
                              "height": 50,
                            },
                            "&:lastChild": Object {
                              "height": 50,
                            },
                            "height": 100,
                            "lineHeight": 98,
                          }
                        }
                      />
                    </tr>
                    <tr
                      className="MuiTableRow-root css-1q1u3t4-MuiTableRow-root"
                      role={null}
                    >
                      <td
                        0={Object {}}
                        aria-sort={null}
                        className="MuiTableCell-root MuiTableCell-body MuiTableCell-sizeMedium TickCell-cell css-xd4oto-MuiTableCell-root"
                        style={
                          Object {
                            "&:firstChild": Object {
                              "height": 50,
                            },
                            "&:lastChild": Object {
                              "height": 50,
                            },
                            "height": 100,
                            "lineHeight": 98,
                          }
                        }
                      />
                    </tr>
                  </tbody>
                </table>
              </div>
            </div>
            <div
              className="MainLayout-relativeContainer"
            >
              <table
                className="MuiTable-root Table-table css-15f0u4c-MuiTable-root"
                role={null}
              >
                <tbody
                  className="MuiTableBody-root css-apqrd9-MuiTableBody-root"
                  role={null}
                >
                  <tr
                    className="MuiTableRow-root css-1q1u3t4-MuiTableRow-root"
                    role={null}
                  >
                    <td
                      0={Object {}}
                      aria-sort={null}
                      className="MuiTableCell-root MuiTableCell-body MuiTableCell-sizeMedium Cell-cell css-18tcpub-MuiTableCell-root"
                      style={
                        Object {
                          "height": 100,
                        }
                      }
                      tabIndex={0}
                    />
                    <td
                      0={Object {}}
                      aria-sort={null}
                      className="MuiTableCell-root MuiTableCell-body MuiTableCell-sizeMedium Cell-cell css-18tcpub-MuiTableCell-root"
                      style={
                        Object {
                          "height": 100,
                        }
                      }
                      tabIndex={0}
                    />
                    <td
                      0={Object {}}
                      aria-sort={null}
                      className="MuiTableCell-root MuiTableCell-body MuiTableCell-sizeMedium Cell-cell css-18tcpub-MuiTableCell-root"
                      style={
                        Object {
                          "height": 100,
                        }
                      }
                      tabIndex={0}
                    />
                    <td
                      0={Object {}}
                      aria-sort={null}
                      className="MuiTableCell-root MuiTableCell-body MuiTableCell-sizeMedium Cell-cell css-18tcpub-MuiTableCell-root"
                      style={
                        Object {
                          "height": 100,
                        }
                      }
                      tabIndex={0}
                    />
                    <td
                      0={Object {}}
                      aria-sort={null}
                      className="MuiTableCell-root MuiTableCell-body MuiTableCell-sizeMedium Cell-cell css-18tcpub-MuiTableCell-root"
                      style={
                        Object {
                          "height": 100,
                        }
                      }
                      tabIndex={0}
                    />
                    <td
                      0={Object {}}
                      aria-sort={null}
                      className="MuiTableCell-root MuiTableCell-body MuiTableCell-sizeMedium Cell-cell css-18tcpub-MuiTableCell-root"
                      style={
                        Object {
                          "height": 100,
                        }
                      }
                      tabIndex={0}
                    />
                    <td
                      0={Object {}}
                      aria-sort={null}
                      className="MuiTableCell-root MuiTableCell-body MuiTableCell-sizeMedium Cell-cell css-18tcpub-MuiTableCell-root"
                      style={
                        Object {
                          "height": 100,
                        }
                      }
                      tabIndex={0}
                    />
                  </tr>
                  <tr
                    className="MuiTableRow-root css-1q1u3t4-MuiTableRow-root"
                    role={null}
                  >
                    <td
                      0={Object {}}
                      aria-sort={null}
                      className="MuiTableCell-root MuiTableCell-body MuiTableCell-sizeMedium Cell-cell css-18tcpub-MuiTableCell-root"
                      style={
                        Object {
                          "height": 100,
                        }
                      }
                      tabIndex={0}
                    />
                    <td
                      0={Object {}}
                      aria-sort={null}
                      className="MuiTableCell-root MuiTableCell-body MuiTableCell-sizeMedium Cell-cell css-18tcpub-MuiTableCell-root"
                      style={
                        Object {
                          "height": 100,
                        }
                      }
                      tabIndex={0}
                    />
                    <td
                      0={Object {}}
                      aria-sort={null}
                      className="MuiTableCell-root MuiTableCell-body MuiTableCell-sizeMedium Cell-cell css-18tcpub-MuiTableCell-root"
                      style={
                        Object {
                          "height": 100,
                        }
                      }
                      tabIndex={0}
                    />
                    <td
                      0={Object {}}
                      aria-sort={null}
                      className="MuiTableCell-root MuiTableCell-body MuiTableCell-sizeMedium Cell-cell css-18tcpub-MuiTableCell-root"
                      style={
                        Object {
                          "height": 100,
                        }
                      }
                      tabIndex={0}
                    />
                    <td
                      0={Object {}}
                      aria-sort={null}
                      className="MuiTableCell-root MuiTableCell-body MuiTableCell-sizeMedium Cell-cell css-18tcpub-MuiTableCell-root"
                      style={
                        Object {
                          "height": 100,
                        }
                      }
                      tabIndex={0}
                    />
                    <td
                      0={Object {}}
                      aria-sort={null}
                      className="MuiTableCell-root MuiTableCell-body MuiTableCell-sizeMedium Cell-cell css-18tcpub-MuiTableCell-root"
                      style={
                        Object {
                          "height": 100,
                        }
                      }
                      tabIndex={0}
                    />
                    <td
                      0={Object {}}
                      aria-sort={null}
                      className="MuiTableCell-root MuiTableCell-body MuiTableCell-sizeMedium Cell-cell css-18tcpub-MuiTableCell-root"
                      style={
                        Object {
                          "height": 100,
                        }
                      }
                      tabIndex={0}
                    />
                  </tr>
                  <tr
                    className="MuiTableRow-root css-1q1u3t4-MuiTableRow-root"
                    role={null}
                  >
                    <td
                      0={Object {}}
                      aria-sort={null}
                      className="MuiTableCell-root MuiTableCell-body MuiTableCell-sizeMedium Cell-cell css-18tcpub-MuiTableCell-root"
                      style={
                        Object {
                          "height": 100,
                        }
                      }
                      tabIndex={0}
                    />
                    <td
                      0={Object {}}
                      aria-sort={null}
                      className="MuiTableCell-root MuiTableCell-body MuiTableCell-sizeMedium Cell-cell css-18tcpub-MuiTableCell-root"
                      style={
                        Object {
                          "height": 100,
                        }
                      }
                      tabIndex={0}
                    />
                    <td
                      0={Object {}}
                      aria-sort={null}
                      className="MuiTableCell-root MuiTableCell-body MuiTableCell-sizeMedium Cell-cell css-18tcpub-MuiTableCell-root"
                      style={
                        Object {
                          "height": 100,
                        }
                      }
                      tabIndex={0}
                    />
                    <td
                      0={Object {}}
                      aria-sort={null}
                      className="MuiTableCell-root MuiTableCell-body MuiTableCell-sizeMedium Cell-cell css-18tcpub-MuiTableCell-root"
                      style={
                        Object {
                          "height": 100,
                        }
                      }
                      tabIndex={0}
                    />
                    <td
                      0={Object {}}
                      aria-sort={null}
                      className="MuiTableCell-root MuiTableCell-body MuiTableCell-sizeMedium Cell-cell css-18tcpub-MuiTableCell-root"
                      style={
                        Object {
                          "height": 100,
                        }
                      }
                      tabIndex={0}
                    />
                    <td
                      0={Object {}}
                      aria-sort={null}
                      className="MuiTableCell-root MuiTableCell-body MuiTableCell-sizeMedium Cell-cell css-18tcpub-MuiTableCell-root"
                      style={
                        Object {
                          "height": 100,
                        }
                      }
                      tabIndex={0}
                    />
                    <td
                      0={Object {}}
                      aria-sort={null}
                      className="MuiTableCell-root MuiTableCell-body MuiTableCell-sizeMedium Cell-cell css-18tcpub-MuiTableCell-root"
                      style={
                        Object {
                          "height": 100,
                        }
                      }
                      tabIndex={0}
                    />
                  </tr>
                  <tr
                    className="MuiTableRow-root css-1q1u3t4-MuiTableRow-root"
                    role={null}
                  >
                    <td
                      0={Object {}}
                      aria-sort={null}
                      className="MuiTableCell-root MuiTableCell-body MuiTableCell-sizeMedium Cell-cell css-18tcpub-MuiTableCell-root"
                      style={
                        Object {
                          "height": 100,
                        }
                      }
                      tabIndex={0}
                    />
                    <td
                      0={Object {}}
                      aria-sort={null}
                      className="MuiTableCell-root MuiTableCell-body MuiTableCell-sizeMedium Cell-cell css-18tcpub-MuiTableCell-root"
                      style={
                        Object {
                          "height": 100,
                        }
                      }
                      tabIndex={0}
                    />
                    <td
                      0={Object {}}
                      aria-sort={null}
                      className="MuiTableCell-root MuiTableCell-body MuiTableCell-sizeMedium Cell-cell css-18tcpub-MuiTableCell-root"
                      style={
                        Object {
                          "height": 100,
                        }
                      }
                      tabIndex={0}
                    />
                    <td
                      0={Object {}}
                      aria-sort={null}
                      className="MuiTableCell-root MuiTableCell-body MuiTableCell-sizeMedium Cell-cell css-18tcpub-MuiTableCell-root"
                      style={
                        Object {
                          "height": 100,
                        }
                      }
                      tabIndex={0}
                    />
                    <td
                      0={Object {}}
                      aria-sort={null}
                      className="MuiTableCell-root MuiTableCell-body MuiTableCell-sizeMedium Cell-cell css-18tcpub-MuiTableCell-root"
                      style={
                        Object {
                          "height": 100,
                        }
                      }
                      tabIndex={0}
                    />
                    <td
                      0={Object {}}
                      aria-sort={null}
                      className="MuiTableCell-root MuiTableCell-body MuiTableCell-sizeMedium Cell-cell css-18tcpub-MuiTableCell-root"
                      style={
                        Object {
                          "height": 100,
                        }
                      }
                      tabIndex={0}
                    />
                    <td
                      0={Object {}}
                      aria-sort={null}
                      className="MuiTableCell-root MuiTableCell-body MuiTableCell-sizeMedium Cell-cell css-18tcpub-MuiTableCell-root"
                      style={
                        Object {
                          "height": 100,
                        }
                      }
                      tabIndex={0}
                    />
                  </tr>
                  <tr
                    className="MuiTableRow-root css-1q1u3t4-MuiTableRow-root"
                    role={null}
                  >
                    <td
                      0={Object {}}
                      aria-sort={null}
                      className="MuiTableCell-root MuiTableCell-body MuiTableCell-sizeMedium Cell-cell css-18tcpub-MuiTableCell-root"
                      style={
                        Object {
                          "height": 100,
                        }
                      }
                      tabIndex={0}
                    />
                    <td
                      0={Object {}}
                      aria-sort={null}
                      className="MuiTableCell-root MuiTableCell-body MuiTableCell-sizeMedium Cell-cell css-18tcpub-MuiTableCell-root"
                      style={
                        Object {
                          "height": 100,
                        }
                      }
                      tabIndex={0}
                    />
                    <td
                      0={Object {}}
                      aria-sort={null}
                      className="MuiTableCell-root MuiTableCell-body MuiTableCell-sizeMedium Cell-cell css-18tcpub-MuiTableCell-root"
                      style={
                        Object {
                          "height": 100,
                        }
                      }
                      tabIndex={0}
                    />
                    <td
                      0={Object {}}
                      aria-sort={null}
                      className="MuiTableCell-root MuiTableCell-body MuiTableCell-sizeMedium Cell-cell css-18tcpub-MuiTableCell-root"
                      style={
                        Object {
                          "height": 100,
                        }
                      }
                      tabIndex={0}
                    />
                    <td
                      0={Object {}}
                      aria-sort={null}
                      className="MuiTableCell-root MuiTableCell-body MuiTableCell-sizeMedium Cell-cell css-18tcpub-MuiTableCell-root"
                      style={
                        Object {
                          "height": 100,
                        }
                      }
                      tabIndex={0}
                    />
                    <td
                      0={Object {}}
                      aria-sort={null}
                      className="MuiTableCell-root MuiTableCell-body MuiTableCell-sizeMedium Cell-cell css-18tcpub-MuiTableCell-root"
                      style={
                        Object {
                          "height": 100,
                        }
                      }
                      tabIndex={0}
                    />
                    <td
                      0={Object {}}
                      aria-sort={null}
                      className="MuiTableCell-root MuiTableCell-body MuiTableCell-sizeMedium Cell-cell css-18tcpub-MuiTableCell-root"
                      style={
                        Object {
                          "height": 100,
                        }
                      }
                      tabIndex={0}
                    />
                  </tr>
                  <tr
                    className="MuiTableRow-root css-1q1u3t4-MuiTableRow-root"
                    role={null}
                  >
                    <td
                      0={Object {}}
                      aria-sort={null}
                      className="MuiTableCell-root MuiTableCell-body MuiTableCell-sizeMedium Cell-cell css-18tcpub-MuiTableCell-root"
                      style={
                        Object {
                          "height": 100,
                        }
                      }
                      tabIndex={0}
                    />
                    <td
                      0={Object {}}
                      aria-sort={null}
                      className="MuiTableCell-root MuiTableCell-body MuiTableCell-sizeMedium Cell-cell css-18tcpub-MuiTableCell-root"
                      style={
                        Object {
                          "height": 100,
                        }
                      }
                      tabIndex={0}
                    />
                    <td
                      0={Object {}}
                      aria-sort={null}
                      className="MuiTableCell-root MuiTableCell-body MuiTableCell-sizeMedium Cell-cell css-18tcpub-MuiTableCell-root"
                      style={
                        Object {
                          "height": 100,
                        }
                      }
                      tabIndex={0}
                    />
                    <td
                      0={Object {}}
                      aria-sort={null}
                      className="MuiTableCell-root MuiTableCell-body MuiTableCell-sizeMedium Cell-cell css-18tcpub-MuiTableCell-root"
                      style={
                        Object {
                          "height": 100,
                        }
                      }
                      tabIndex={0}
                    />
                    <td
                      0={Object {}}
                      aria-sort={null}
                      className="MuiTableCell-root MuiTableCell-body MuiTableCell-sizeMedium Cell-cell css-18tcpub-MuiTableCell-root"
                      style={
                        Object {
                          "height": 100,
                        }
                      }
                      tabIndex={0}
                    />
                    <td
                      0={Object {}}
                      aria-sort={null}
                      className="MuiTableCell-root MuiTableCell-body MuiTableCell-sizeMedium Cell-cell css-18tcpub-MuiTableCell-root"
                      style={
                        Object {
                          "height": 100,
                        }
                      }
                      tabIndex={0}
                    />
                    <td
                      0={Object {}}
                      aria-sort={null}
                      className="MuiTableCell-root MuiTableCell-body MuiTableCell-sizeMedium Cell-cell css-18tcpub-MuiTableCell-root"
                      style={
                        Object {
                          "height": 100,
                        }
                      }
                      tabIndex={0}
                    />
                  </tr>
                  <tr
                    className="MuiTableRow-root css-1q1u3t4-MuiTableRow-root"
                    role={null}
                  >
                    <td
                      0={Object {}}
                      aria-sort={null}
                      className="MuiTableCell-root MuiTableCell-body MuiTableCell-sizeMedium Cell-cell css-18tcpub-MuiTableCell-root"
                      style={
                        Object {
                          "height": 100,
                        }
                      }
                      tabIndex={0}
                    />
                    <td
                      0={Object {}}
                      aria-sort={null}
                      className="MuiTableCell-root MuiTableCell-body MuiTableCell-sizeMedium Cell-cell css-18tcpub-MuiTableCell-root"
                      style={
                        Object {
                          "height": 100,
                        }
                      }
                      tabIndex={0}
                    />
                    <td
                      0={Object {}}
                      aria-sort={null}
                      className="MuiTableCell-root MuiTableCell-body MuiTableCell-sizeMedium Cell-cell css-18tcpub-MuiTableCell-root"
                      style={
                        Object {
                          "height": 100,
                        }
                      }
                      tabIndex={0}
                    />
                    <td
                      0={Object {}}
                      aria-sort={null}
                      className="MuiTableCell-root MuiTableCell-body MuiTableCell-sizeMedium Cell-cell css-18tcpub-MuiTableCell-root"
                      style={
                        Object {
                          "height": 100,
                        }
                      }
                      tabIndex={0}
                    />
                    <td
                      0={Object {}}
                      aria-sort={null}
                      className="MuiTableCell-root MuiTableCell-body MuiTableCell-sizeMedium Cell-cell css-18tcpub-MuiTableCell-root"
                      style={
                        Object {
                          "height": 100,
                        }
                      }
                      tabIndex={0}
                    />
                    <td
                      0={Object {}}
                      aria-sort={null}
                      className="MuiTableCell-root MuiTableCell-body MuiTableCell-sizeMedium Cell-cell css-18tcpub-MuiTableCell-root"
                      style={
                        Object {
                          "height": 100,
                        }
                      }
                      tabIndex={0}
                    />
                    <td
                      0={Object {}}
                      aria-sort={null}
                      className="MuiTableCell-root MuiTableCell-body MuiTableCell-sizeMedium Cell-cell css-18tcpub-MuiTableCell-root"
                      style={
                        Object {
                          "height": 100,
                        }
                      }
                      tabIndex={0}
                    />
                  </tr>
                  <tr
                    className="MuiTableRow-root css-1q1u3t4-MuiTableRow-root"
                    role={null}
                  >
                    <td
                      0={Object {}}
                      aria-sort={null}
                      className="MuiTableCell-root MuiTableCell-body MuiTableCell-sizeMedium Cell-cell css-18tcpub-MuiTableCell-root"
                      style={
                        Object {
                          "height": 100,
                        }
                      }
                      tabIndex={0}
                    />
                    <td
                      0={Object {}}
                      aria-sort={null}
                      className="MuiTableCell-root MuiTableCell-body MuiTableCell-sizeMedium Cell-cell css-18tcpub-MuiTableCell-root"
                      style={
                        Object {
                          "height": 100,
                        }
                      }
                      tabIndex={0}
                    />
                    <td
                      0={Object {}}
                      aria-sort={null}
                      className="MuiTableCell-root MuiTableCell-body MuiTableCell-sizeMedium Cell-cell css-18tcpub-MuiTableCell-root"
                      style={
                        Object {
                          "height": 100,
                        }
                      }
                      tabIndex={0}
                    />
                    <td
                      0={Object {}}
                      aria-sort={null}
                      className="MuiTableCell-root MuiTableCell-body MuiTableCell-sizeMedium Cell-cell css-18tcpub-MuiTableCell-root"
                      style={
                        Object {
                          "height": 100,
                        }
                      }
                      tabIndex={0}
                    />
                    <td
                      0={Object {}}
                      aria-sort={null}
                      className="MuiTableCell-root MuiTableCell-body MuiTableCell-sizeMedium Cell-cell css-18tcpub-MuiTableCell-root"
                      style={
                        Object {
                          "height": 100,
                        }
                      }
                      tabIndex={0}
                    />
                    <td
                      0={Object {}}
                      aria-sort={null}
                      className="MuiTableCell-root MuiTableCell-body MuiTableCell-sizeMedium Cell-cell css-18tcpub-MuiTableCell-root"
                      style={
                        Object {
                          "height": 100,
                        }
                      }
                      tabIndex={0}
                    />
                    <td
                      0={Object {}}
                      aria-sort={null}
                      className="MuiTableCell-root MuiTableCell-body MuiTableCell-sizeMedium Cell-cell css-18tcpub-MuiTableCell-root"
                      style={
                        Object {
                          "height": 100,
                        }
                      }
                      tabIndex={0}
                    />
                  </tr>
                  <tr
                    className="MuiTableRow-root css-1q1u3t4-MuiTableRow-root"
                    role={null}
                  >
                    <td
                      0={Object {}}
                      aria-sort={null}
                      className="MuiTableCell-root MuiTableCell-body MuiTableCell-sizeMedium Cell-cell css-18tcpub-MuiTableCell-root"
                      style={
                        Object {
                          "height": 100,
                        }
                      }
                      tabIndex={0}
                    />
                    <td
                      0={Object {}}
                      aria-sort={null}
                      className="MuiTableCell-root MuiTableCell-body MuiTableCell-sizeMedium Cell-cell css-18tcpub-MuiTableCell-root"
                      style={
                        Object {
                          "height": 100,
                        }
                      }
                      tabIndex={0}
                    />
                    <td
                      0={Object {}}
                      aria-sort={null}
                      className="MuiTableCell-root MuiTableCell-body MuiTableCell-sizeMedium Cell-cell css-18tcpub-MuiTableCell-root"
                      style={
                        Object {
                          "height": 100,
                        }
                      }
                      tabIndex={0}
                    />
                    <td
                      0={Object {}}
                      aria-sort={null}
                      className="MuiTableCell-root MuiTableCell-body MuiTableCell-sizeMedium Cell-cell css-18tcpub-MuiTableCell-root"
                      style={
                        Object {
                          "height": 100,
                        }
                      }
                      tabIndex={0}
                    />
                    <td
                      0={Object {}}
                      aria-sort={null}
                      className="MuiTableCell-root MuiTableCell-body MuiTableCell-sizeMedium Cell-cell css-18tcpub-MuiTableCell-root"
                      style={
                        Object {
                          "height": 100,
                        }
                      }
                      tabIndex={0}
                    />
                    <td
                      0={Object {}}
                      aria-sort={null}
                      className="MuiTableCell-root MuiTableCell-body MuiTableCell-sizeMedium Cell-cell css-18tcpub-MuiTableCell-root"
                      style={
                        Object {
                          "height": 100,
                        }
                      }
                      tabIndex={0}
                    />
                    <td
                      0={Object {}}
                      aria-sort={null}
                      className="MuiTableCell-root MuiTableCell-body MuiTableCell-sizeMedium Cell-cell css-18tcpub-MuiTableCell-root"
                      style={
                        Object {
                          "height": 100,
                        }
                      }
                      tabIndex={0}
                    />
                  </tr>
                  <tr
                    className="MuiTableRow-root css-1q1u3t4-MuiTableRow-root"
                    role={null}
                  >
                    <td
                      0={Object {}}
                      aria-sort={null}
                      className="MuiTableCell-root MuiTableCell-body MuiTableCell-sizeMedium Cell-cell css-18tcpub-MuiTableCell-root"
                      style={
                        Object {
                          "height": 100,
                        }
                      }
                      tabIndex={0}
                    />
                    <td
                      0={Object {}}
                      aria-sort={null}
                      className="MuiTableCell-root MuiTableCell-body MuiTableCell-sizeMedium Cell-cell css-18tcpub-MuiTableCell-root"
                      style={
                        Object {
                          "height": 100,
                        }
                      }
                      tabIndex={0}
                    />
                    <td
                      0={Object {}}
                      aria-sort={null}
                      className="MuiTableCell-root MuiTableCell-body MuiTableCell-sizeMedium Cell-cell css-18tcpub-MuiTableCell-root"
                      style={
                        Object {
                          "height": 100,
                        }
                      }
                      tabIndex={0}
                    />
                    <td
                      0={Object {}}
                      aria-sort={null}
                      className="MuiTableCell-root MuiTableCell-body MuiTableCell-sizeMedium Cell-cell css-18tcpub-MuiTableCell-root"
                      style={
                        Object {
                          "height": 100,
                        }
                      }
                      tabIndex={0}
                    />
                    <td
                      0={Object {}}
                      aria-sort={null}
                      className="MuiTableCell-root MuiTableCell-body MuiTableCell-sizeMedium Cell-cell css-18tcpub-MuiTableCell-root"
                      style={
                        Object {
                          "height": 100,
                        }
                      }
                      tabIndex={0}
                    />
                    <td
                      0={Object {}}
                      aria-sort={null}
                      className="MuiTableCell-root MuiTableCell-body MuiTableCell-sizeMedium Cell-cell css-18tcpub-MuiTableCell-root"
                      style={
                        Object {
                          "height": 100,
                        }
                      }
                      tabIndex={0}
                    />
                    <td
                      0={Object {}}
                      aria-sort={null}
                      className="MuiTableCell-root MuiTableCell-body MuiTableCell-sizeMedium Cell-cell css-18tcpub-MuiTableCell-root"
                      style={
                        Object {
                          "height": 100,
                        }
                      }
                      tabIndex={0}
                    />
                  </tr>
                  <tr
                    className="MuiTableRow-root css-1q1u3t4-MuiTableRow-root"
                    role={null}
                  >
                    <td
                      0={Object {}}
                      aria-sort={null}
                      className="MuiTableCell-root MuiTableCell-body MuiTableCell-sizeMedium Cell-cell css-18tcpub-MuiTableCell-root"
                      style={
                        Object {
                          "height": 100,
                        }
                      }
                      tabIndex={0}
                    />
                    <td
                      0={Object {}}
                      aria-sort={null}
                      className="MuiTableCell-root MuiTableCell-body MuiTableCell-sizeMedium Cell-cell css-18tcpub-MuiTableCell-root"
                      style={
                        Object {
                          "height": 100,
                        }
                      }
                      tabIndex={0}
                    />
                    <td
                      0={Object {}}
                      aria-sort={null}
                      className="MuiTableCell-root MuiTableCell-body MuiTableCell-sizeMedium Cell-cell css-18tcpub-MuiTableCell-root"
                      style={
                        Object {
                          "height": 100,
                        }
                      }
                      tabIndex={0}
                    />
                    <td
                      0={Object {}}
                      aria-sort={null}
                      className="MuiTableCell-root MuiTableCell-body MuiTableCell-sizeMedium Cell-cell css-18tcpub-MuiTableCell-root"
                      style={
                        Object {
                          "height": 100,
                        }
                      }
                      tabIndex={0}
                    />
                    <td
                      0={Object {}}
                      aria-sort={null}
                      className="MuiTableCell-root MuiTableCell-body MuiTableCell-sizeMedium Cell-cell css-18tcpub-MuiTableCell-root"
                      style={
                        Object {
                          "height": 100,
                        }
                      }
                      tabIndex={0}
                    />
                    <td
                      0={Object {}}
                      aria-sort={null}
                      className="MuiTableCell-root MuiTableCell-body MuiTableCell-sizeMedium Cell-cell css-18tcpub-MuiTableCell-root"
                      style={
                        Object {
                          "height": 100,
                        }
                      }
                      tabIndex={0}
                    />
                    <td
                      0={Object {}}
                      aria-sort={null}
                      className="MuiTableCell-root MuiTableCell-body MuiTableCell-sizeMedium Cell-cell css-18tcpub-MuiTableCell-root"
                      style={
                        Object {
                          "height": 100,
                        }
                      }
                      tabIndex={0}
                    />
                  </tr>
                  <tr
                    className="MuiTableRow-root css-1q1u3t4-MuiTableRow-root"
                    role={null}
                  >
                    <td
                      0={Object {}}
                      aria-sort={null}
                      className="MuiTableCell-root MuiTableCell-body MuiTableCell-sizeMedium Cell-cell css-18tcpub-MuiTableCell-root"
                      style={
                        Object {
                          "height": 100,
                        }
                      }
                      tabIndex={0}
                    />
                    <td
                      0={Object {}}
                      aria-sort={null}
                      className="MuiTableCell-root MuiTableCell-body MuiTableCell-sizeMedium Cell-cell css-18tcpub-MuiTableCell-root"
                      style={
                        Object {
                          "height": 100,
                        }
                      }
                      tabIndex={0}
                    />
                    <td
                      0={Object {}}
                      aria-sort={null}
                      className="MuiTableCell-root MuiTableCell-body MuiTableCell-sizeMedium Cell-cell css-18tcpub-MuiTableCell-root"
                      style={
                        Object {
                          "height": 100,
                        }
                      }
                      tabIndex={0}
                    />
                    <td
                      0={Object {}}
                      aria-sort={null}
                      className="MuiTableCell-root MuiTableCell-body MuiTableCell-sizeMedium Cell-cell css-18tcpub-MuiTableCell-root"
                      style={
                        Object {
                          "height": 100,
                        }
                      }
                      tabIndex={0}
                    />
                    <td
                      0={Object {}}
                      aria-sort={null}
                      className="MuiTableCell-root MuiTableCell-body MuiTableCell-sizeMedium Cell-cell css-18tcpub-MuiTableCell-root"
                      style={
                        Object {
                          "height": 100,
                        }
                      }
                      tabIndex={0}
                    />
                    <td
                      0={Object {}}
                      aria-sort={null}
                      className="MuiTableCell-root MuiTableCell-body MuiTableCell-sizeMedium Cell-cell css-18tcpub-MuiTableCell-root"
                      style={
                        Object {
                          "height": 100,
                        }
                      }
                      tabIndex={0}
                    />
                    <td
                      0={Object {}}
                      aria-sort={null}
                      className="MuiTableCell-root MuiTableCell-body MuiTableCell-sizeMedium Cell-cell css-18tcpub-MuiTableCell-root"
                      style={
                        Object {
                          "height": 100,
                        }
                      }
                      tabIndex={0}
                    />
                  </tr>
                  <tr
                    className="MuiTableRow-root css-1q1u3t4-MuiTableRow-root"
                    role={null}
                  >
                    <td
                      0={Object {}}
                      aria-sort={null}
                      className="MuiTableCell-root MuiTableCell-body MuiTableCell-sizeMedium Cell-cell css-18tcpub-MuiTableCell-root"
                      style={
                        Object {
                          "height": 100,
                        }
                      }
                      tabIndex={0}
                    />
                    <td
                      0={Object {}}
                      aria-sort={null}
                      className="MuiTableCell-root MuiTableCell-body MuiTableCell-sizeMedium Cell-cell css-18tcpub-MuiTableCell-root"
                      style={
                        Object {
                          "height": 100,
                        }
                      }
                      tabIndex={0}
                    />
                    <td
                      0={Object {}}
                      aria-sort={null}
                      className="MuiTableCell-root MuiTableCell-body MuiTableCell-sizeMedium Cell-cell css-18tcpub-MuiTableCell-root"
                      style={
                        Object {
                          "height": 100,
                        }
                      }
                      tabIndex={0}
                    />
                    <td
                      0={Object {}}
                      aria-sort={null}
                      className="MuiTableCell-root MuiTableCell-body MuiTableCell-sizeMedium Cell-cell css-18tcpub-MuiTableCell-root"
                      style={
                        Object {
                          "height": 100,
                        }
                      }
                      tabIndex={0}
                    />
                    <td
                      0={Object {}}
                      aria-sort={null}
                      className="MuiTableCell-root MuiTableCell-body MuiTableCell-sizeMedium Cell-cell css-18tcpub-MuiTableCell-root"
                      style={
                        Object {
                          "height": 100,
                        }
                      }
                      tabIndex={0}
                    />
                    <td
                      0={Object {}}
                      aria-sort={null}
                      className="MuiTableCell-root MuiTableCell-body MuiTableCell-sizeMedium Cell-cell css-18tcpub-MuiTableCell-root"
                      style={
                        Object {
                          "height": 100,
                        }
                      }
                      tabIndex={0}
                    />
                    <td
                      0={Object {}}
                      aria-sort={null}
                      className="MuiTableCell-root MuiTableCell-body MuiTableCell-sizeMedium Cell-cell css-18tcpub-MuiTableCell-root"
                      style={
                        Object {
                          "height": 100,
                        }
                      }
                      tabIndex={0}
                    />
                  </tr>
                  <tr
                    className="MuiTableRow-root css-1q1u3t4-MuiTableRow-root"
                    role={null}
                  >
                    <td
                      0={Object {}}
                      aria-sort={null}
                      className="MuiTableCell-root MuiTableCell-body MuiTableCell-sizeMedium Cell-cell css-18tcpub-MuiTableCell-root"
                      style={
                        Object {
                          "height": 100,
                        }
                      }
                      tabIndex={0}
                    />
                    <td
                      0={Object {}}
                      aria-sort={null}
                      className="MuiTableCell-root MuiTableCell-body MuiTableCell-sizeMedium Cell-cell css-18tcpub-MuiTableCell-root"
                      style={
                        Object {
                          "height": 100,
                        }
                      }
                      tabIndex={0}
                    />
                    <td
                      0={Object {}}
                      aria-sort={null}
                      className="MuiTableCell-root MuiTableCell-body MuiTableCell-sizeMedium Cell-cell css-18tcpub-MuiTableCell-root"
                      style={
                        Object {
                          "height": 100,
                        }
                      }
                      tabIndex={0}
                    />
                    <td
                      0={Object {}}
                      aria-sort={null}
                      className="MuiTableCell-root MuiTableCell-body MuiTableCell-sizeMedium Cell-cell css-18tcpub-MuiTableCell-root"
                      style={
                        Object {
                          "height": 100,
                        }
                      }
                      tabIndex={0}
                    />
                    <td
                      0={Object {}}
                      aria-sort={null}
                      className="MuiTableCell-root MuiTableCell-body MuiTableCell-sizeMedium Cell-cell css-18tcpub-MuiTableCell-root"
                      style={
                        Object {
                          "height": 100,
                        }
                      }
                      tabIndex={0}
                    />
                    <td
                      0={Object {}}
                      aria-sort={null}
                      className="MuiTableCell-root MuiTableCell-body MuiTableCell-sizeMedium Cell-cell css-18tcpub-MuiTableCell-root"
                      style={
                        Object {
                          "height": 100,
                        }
                      }
                      tabIndex={0}
                    />
                    <td
                      0={Object {}}
                      aria-sort={null}
                      className="MuiTableCell-root MuiTableCell-body MuiTableCell-sizeMedium Cell-cell css-18tcpub-MuiTableCell-root"
                      style={
                        Object {
                          "height": 100,
                        }
                      }
                      tabIndex={0}
                    />
                  </tr>
                  <tr
                    className="MuiTableRow-root css-1q1u3t4-MuiTableRow-root"
                    role={null}
                  >
                    <td
                      0={Object {}}
                      aria-sort={null}
                      className="MuiTableCell-root MuiTableCell-body MuiTableCell-sizeMedium Cell-cell css-18tcpub-MuiTableCell-root"
                      style={
                        Object {
                          "height": 100,
                        }
                      }
                      tabIndex={0}
                    />
                    <td
                      0={Object {}}
                      aria-sort={null}
                      className="MuiTableCell-root MuiTableCell-body MuiTableCell-sizeMedium Cell-cell css-18tcpub-MuiTableCell-root"
                      style={
                        Object {
                          "height": 100,
                        }
                      }
                      tabIndex={0}
                    />
                    <td
                      0={Object {}}
                      aria-sort={null}
                      className="MuiTableCell-root MuiTableCell-body MuiTableCell-sizeMedium Cell-cell css-18tcpub-MuiTableCell-root"
                      style={
                        Object {
                          "height": 100,
                        }
                      }
                      tabIndex={0}
                    />
                    <td
                      0={Object {}}
                      aria-sort={null}
                      className="MuiTableCell-root MuiTableCell-body MuiTableCell-sizeMedium Cell-cell css-18tcpub-MuiTableCell-root"
                      style={
                        Object {
                          "height": 100,
                        }
                      }
                      tabIndex={0}
                    />
                    <td
                      0={Object {}}
                      aria-sort={null}
                      className="MuiTableCell-root MuiTableCell-body MuiTableCell-sizeMedium Cell-cell css-18tcpub-MuiTableCell-root"
                      style={
                        Object {
                          "height": 100,
                        }
                      }
                      tabIndex={0}
                    />
                    <td
                      0={Object {}}
                      aria-sort={null}
                      className="MuiTableCell-root MuiTableCell-body MuiTableCell-sizeMedium Cell-cell css-18tcpub-MuiTableCell-root"
                      style={
                        Object {
                          "height": 100,
                        }
                      }
                      tabIndex={0}
                    />
                    <td
                      0={Object {}}
                      aria-sort={null}
                      className="MuiTableCell-root MuiTableCell-body MuiTableCell-sizeMedium Cell-cell css-18tcpub-MuiTableCell-root"
                      style={
                        Object {
                          "height": 100,
                        }
                      }
                      tabIndex={0}
                    />
                  </tr>
                </tbody>
              </table>
              <div
                className="Container-container css-ljfojm"
              />
            </div>
          </div>
        </div>
      </div>
    </div>
  </div>
</div>
`;
